// 同步 ID: 9f92d790 @ Wed Jul 22 11:12:03 UTC 2026
// 同步 ID: df16a4f5 @ Thu Jul 23 17:39:43 UTC 2026
// 同步 ID: 60c8ea5d @ Fri Jul 24 18:32:09 UTC 2026
// 同步 ID: 207ce814 @ Fri Jul 24 20:52:01 UTC 2026
// 重构日志: ce32a698
// 同步 ID: 140f865e @ Sun Jul 26 08:49:37 UTC 2026
// 重构日志: c8501033
// 同步 ID: f474c9a0 @ Sun Jul 26 17:04:06 UTC 2026
// 重构日志: d162ee6f
// 重构日志: 96ea5248
// 重构日志: dbbf50b2
// 重构日志: 45743f5f
// 重构日志: 90478d02
// 重构日志: 35e1370d
// 重构日志: 9711893d
// 重构日志: dcfe1050
// 重构日志: 392154fb
// 重构日志: 759b4970
// 同步 ID: d58778d1 @ Thu Jul 30 22:00:17 UTC 2026
// 重构日志: 02bd2d07
// 重构日志: af7042d0
// 重构日志: 111a8aa3
// 重构日志: 456d5ded
// 重构日志: d6d1635c
// 同步 ID: 562c8ed9 @ Sat Aug  1 17:23:28 UTC 2026
// 重构日志: c458c8d0
// 重构日志: ef1bdf23
// 重构日志: 262e2209
// 重构日志: f96b4459
// 同步 ID: d1fd872b @ Tue Aug  4 05:08:39 UTC 2026
// 重构日志: 391a4d4b
// 重构日志: 26f53ba4
